------------------------------------------------------------
TimeQuest Timing Analyzer Summary
------------------------------------------------------------

Type  : Slow 1100mV 85C Model Setup 'KEY[0]'
Slack : -0.101
TNS   : -0.195

Type  : Slow 1100mV 85C Model Hold 'KEY[0]'
Slack : 0.222
TNS   : 0.000

Type  : Slow 1100mV 85C Model Minimum Pulse Width 'KEY[0]'
Slack : -0.537
TNS   : -3.906

Type  : Slow 1100mV 0C Model Setup 'KEY[0]'
Slack : -0.123
TNS   : -0.244

Type  : Slow 1100mV 0C Model Hold 'KEY[0]'
Slack : 0.208
TNS   : 0.000

Type  : Slow 1100mV 0C Model Minimum Pulse Width 'KEY[0]'
Slack : -0.522
TNS   : -3.911

Type  : Fast 1100mV 85C Model Setup 'KEY[0]'
Slack : 0.375
TNS   : 0.000

Type  : Fast 1100mV 85C Model Hold 'KEY[0]'
Slack : 0.131
TNS   : 0.000

Type  : Fast 1100mV 85C Model Minimum Pulse Width 'KEY[0]'
Slack : -0.648
TNS   : -4.766

Type  : Fast 1100mV 0C Model Setup 'KEY[0]'
Slack : 0.404
TNS   : 0.000

Type  : Fast 1100mV 0C Model Hold 'KEY[0]'
Slack : 0.119
TNS   : 0.000

Type  : Fast 1100mV 0C Model Minimum Pulse Width 'KEY[0]'
Slack : -0.675
TNS   : -5.133

------------------------------------------------------------
