------------------------------------------------------------
TimeQuest Timing Analyzer Summary
------------------------------------------------------------

Type  : Slow 1100mV 85C Model Setup 'CLOCK_50'
Slack : -2.649
TNS   : -117.089

Type  : Slow 1100mV 85C Model Hold 'CLOCK_50'
Slack : 0.363
TNS   : 0.000

Type  : Slow 1100mV 85C Model Minimum Pulse Width 'CLOCK_50'
Slack : -0.394
TNS   : -66.092

Type  : Slow 1100mV 0C Model Setup 'CLOCK_50'
Slack : -2.571
TNS   : -118.189

Type  : Slow 1100mV 0C Model Hold 'CLOCK_50'
Slack : 0.366
TNS   : 0.000

Type  : Slow 1100mV 0C Model Minimum Pulse Width 'CLOCK_50'
Slack : -0.394
TNS   : -61.126

Type  : Fast 1100mV 85C Model Setup 'CLOCK_50'
Slack : -1.056
TNS   : -26.811

Type  : Fast 1100mV 85C Model Hold 'CLOCK_50'
Slack : 0.178
TNS   : 0.000

Type  : Fast 1100mV 85C Model Minimum Pulse Width 'CLOCK_50'
Slack : -0.398
TNS   : -44.611

Type  : Fast 1100mV 0C Model Setup 'CLOCK_50'
Slack : -0.908
TNS   : -22.024

Type  : Fast 1100mV 0C Model Hold 'CLOCK_50'
Slack : 0.170
TNS   : 0.000

Type  : Fast 1100mV 0C Model Minimum Pulse Width 'CLOCK_50'
Slack : -0.432
TNS   : -53.195

------------------------------------------------------------
